<?php return array (
  0 => 'Symfony\\Bundle\\FrameworkBundle\\EventListener\\SessionListener',
  1 => 'Symfony\\Component\\HttpFoundation\\Session\\Storage\\NativeSessionStorage',
  2 => 'Symfony\\Component\\HttpFoundation\\Session\\Storage\\PhpBridgeSessionStorage',
  3 => 'Symfony\\Component\\HttpFoundation\\Session\\Storage\\Handler\\NativeFileSessionHandler',
  4 => 'Symfony\\Component\\HttpFoundation\\Session\\Storage\\Proxy\\AbstractProxy',
  5 => 'Symfony\\Component\\HttpFoundation\\Session\\Storage\\Proxy\\SessionHandlerProxy',
  6 => 'Symfony\\Component\\HttpFoundation\\Session\\Session',
  8 => 'Symfony\\Bundle\\FrameworkBundle\\Templating\\GlobalVariables',
  9 => 'Symfony\\Bundle\\FrameworkBundle\\Templating\\TemplateReference',
  10 => 'Symfony\\Bundle\\FrameworkBundle\\Templating\\TemplateNameParser',
  11 => 'Symfony\\Bundle\\FrameworkBundle\\Templating\\Loader\\TemplateLocator',
  12 => 'Symfony\\Component\\Cache\\Adapter\\ApcuAdapter',
  13 => 'Symfony\\Component\\Cache\\Adapter\\FilesystemAdapter',
  14 => 'Symfony\\Component\\Cache\\CacheItem',
  15 => 'Symfony\\Component\\Routing\\Generator\\UrlGenerator',
  16 => 'Symfony\\Component\\Routing\\RequestContext',
  17 => 'Symfony\\Component\\Routing\\Router',
  18 => 'Symfony\\Bundle\\FrameworkBundle\\Routing\\RedirectableUrlMatcher',
  19 => 'Symfony\\Bundle\\FrameworkBundle\\Routing\\Router',
  20 => 'Symfony\\Component\\Cache\\Adapter\\PhpArrayAdapter',
  21 => 'Symfony\\Component\\Cache\\DoctrineProvider',
  22 => 'Symfony\\Component\\Config\\ConfigCache',
  23 => 'Symfony\\Component\\Config\\FileLocator',
  24 => 'Symfony\\Component\\Debug\\ErrorHandler',
  25 => 'Symfony\\Component\\DependencyInjection\\ContainerAwareInterface',
  26 => 'Symfony\\Component\\DependencyInjection\\Container',
  27 => 'Symfony\\Component\\EventDispatcher\\Event',
  28 => 'Symfony\\Component\\EventDispatcher\\ContainerAwareEventDispatcher',
  29 => 'Symfony\\Component\\HttpKernel\\EventListener\\ResponseListener',
  30 => 'Symfony\\Component\\HttpKernel\\EventListener\\RouterListener',
  31 => 'Symfony\\Component\\HttpKernel\\Bundle\\Bundle',
  32 => 'Symfony\\Component\\HttpKernel\\Controller\\ControllerResolver',
  33 => 'Symfony\\Component\\HttpKernel\\Controller\\ArgumentResolver',
  34 => 'Symfony\\Component\\HttpKernel\\ControllerMetadata\\ArgumentMetadata',
  35 => 'Symfony\\Component\\HttpKernel\\ControllerMetadata\\ArgumentMetadataFactory',
  36 => 'Symfony\\Component\\HttpKernel\\Event\\KernelEvent',
  37 => 'Symfony\\Component\\HttpKernel\\Event\\FilterControllerEvent',
  38 => 'Symfony\\Component\\HttpKernel\\Event\\FilterResponseEvent',
  39 => 'Symfony\\Component\\HttpKernel\\Event\\GetResponseEvent',
  40 => 'Symfony\\Component\\HttpKernel\\Event\\GetResponseForControllerResultEvent',
  41 => 'Symfony\\Component\\HttpKernel\\Event\\GetResponseForExceptionEvent',
  42 => 'Symfony\\Component\\HttpKernel\\HttpKernel',
  43 => 'Symfony\\Component\\HttpKernel\\KernelEvents',
  44 => 'Symfony\\Component\\HttpKernel\\Config\\FileLocator',
  45 => 'Symfony\\Bundle\\FrameworkBundle\\Controller\\ControllerNameParser',
  46 => 'Symfony\\Bundle\\FrameworkBundle\\Controller\\ControllerResolver',
  47 => 'Symfony\\Component\\Security\\Http\\AccessMap',
  48 => 'Symfony\\Component\\Security\\Http\\Firewall',
  49 => 'Symfony\\Component\\Security\\Core\\User\\UserProviderInterface',
  50 => 'Symfony\\Component\\Security\\Core\\Authentication\\AuthenticationProviderManager',
  51 => 'Symfony\\Component\\Security\\Core\\Authentication\\Token\\Storage\\TokenStorage',
  52 => 'Symfony\\Component\\Security\\Core\\Authorization\\AccessDecisionManager',
  53 => 'Symfony\\Component\\Security\\Core\\Authorization\\AuthorizationChecker',
  54 => 'Symfony\\Component\\Security\\Core\\Authorization\\Voter\\VoterInterface',
  55 => 'Symfony\\Bundle\\SecurityBundle\\Security\\FirewallConfig',
  56 => 'Symfony\\Bundle\\SecurityBundle\\Security\\FirewallMap',
  57 => 'Symfony\\Bundle\\SecurityBundle\\Security\\FirewallContext',
  58 => 'Symfony\\Component\\HttpFoundation\\RequestMatcher',
  59 => 'Twig_Environment',
  60 => 'Twig_Extension',
  61 => 'Twig_Extension_Core',
  62 => 'Twig_Extension_Escaper',
  63 => 'Twig_Extension_Optimizer',
  64 => 'Twig_LoaderInterface',
  65 => 'Twig_Markup',
  66 => 'Twig_Template',
  67 => 'Monolog\\Formatter\\FormatterInterface',
  68 => 'Monolog\\Formatter\\LineFormatter',
  69 => 'Monolog\\Handler\\HandlerInterface',
  70 => 'Monolog\\Handler\\AbstractHandler',
  71 => 'Monolog\\Handler\\AbstractProcessingHandler',
  72 => 'Monolog\\Handler\\StreamHandler',
  73 => 'Monolog\\Handler\\FingersCrossedHandler',
  74 => 'Monolog\\Handler\\FilterHandler',
  75 => 'Monolog\\Handler\\TestHandler',
  76 => 'Monolog\\Logger',
  77 => 'Symfony\\Bridge\\Monolog\\Logger',
  78 => 'Monolog\\Handler\\FingersCrossed\\ActivationStrategyInterface',
  79 => 'Monolog\\Handler\\FingersCrossed\\ErrorLevelActivationStrategy',
  80 => 'Symfony\\Bundle\\AsseticBundle\\DefaultValueSupplier',
  81 => 'Symfony\\Bundle\\AsseticBundle\\Factory\\AssetFactory',
  82 => 'Sonata\\BlockBundle\\Block\\BlockLoaderChain',
  83 => 'Sonata\\BlockBundle\\Block\\BlockLoaderInterface',
  84 => 'Sonata\\BlockBundle\\Block\\BlockRenderer',
  85 => 'Sonata\\BlockBundle\\Block\\BlockRendererInterface',
  86 => 'Sonata\\BlockBundle\\Block\\BlockServiceInterface',
  87 => 'Sonata\\BlockBundle\\Block\\BlockServiceManager',
  88 => 'Sonata\\BlockBundle\\Block\\BlockServiceManagerInterface',
  89 => 'Sonata\\BlockBundle\\Block\\Loader\\ServiceLoader',
  90 => 'Sonata\\BlockBundle\\Block\\Service\\EmptyBlockService',
  91 => 'Sonata\\BlockBundle\\Block\\Service\\RssBlockService',
  92 => 'Sonata\\BlockBundle\\Block\\Service\\MenuBlockService',
  93 => 'Sonata\\BlockBundle\\Block\\Service\\TextBlockService',
  94 => 'Sonata\\BlockBundle\\Exception\\BlockExceptionInterface',
  95 => 'Sonata\\BlockBundle\\Exception\\BlockNotFoundException',
  96 => 'Sonata\\BlockBundle\\Exception\\Filter\\DebugOnlyFilter',
  97 => 'Sonata\\BlockBundle\\Exception\\Filter\\FilterInterface',
  98 => 'Sonata\\BlockBundle\\Exception\\Filter\\IgnoreClassFilter',
  99 => 'Sonata\\BlockBundle\\Exception\\Filter\\KeepAllFilter',
  100 => 'Sonata\\BlockBundle\\Exception\\Filter\\KeepNoneFilter',
  101 => 'Sonata\\BlockBundle\\Exception\\Renderer\\InlineDebugRenderer',
  102 => 'Sonata\\BlockBundle\\Exception\\Renderer\\InlineRenderer',
  103 => 'Sonata\\BlockBundle\\Exception\\Renderer\\MonkeyThrowRenderer',
  104 => 'Sonata\\BlockBundle\\Exception\\Renderer\\RendererInterface',
  105 => 'Sonata\\BlockBundle\\Exception\\Strategy\\StrategyManager',
  106 => 'Sonata\\BlockBundle\\Exception\\Strategy\\StrategyManagerInterface',
  107 => 'Sonata\\BlockBundle\\Form\\Type\\ServiceListType',
  108 => 'Sonata\\BlockBundle\\Model\\BaseBlock',
  109 => 'Sonata\\BlockBundle\\Model\\Block',
  110 => 'Sonata\\BlockBundle\\Model\\BlockInterface',
  111 => 'Sonata\\BlockBundle\\Model\\BlockManagerInterface',
  112 => 'Sonata\\BlockBundle\\Model\\EmptyBlock',
  113 => 'Sonata\\BlockBundle\\Twig\\Extension\\BlockExtension',
  114 => 'Sonata\\BlockBundle\\Twig\\GlobalVariables',
);